error: Module index doesn't fit into u8, index is 256
   --> $DIR/more_than_256_modules.rs:265:3
    |
265 |         Pallet256: pallet256::{},
    |         ^^^^^^^^^
